// 重构日志: e3b54790
// 同步 ID: c013fd0d @ Sun Jul 26 10:02:32 UTC 2026
// 重构日志: 9dabe88a
// 同步 ID: 3c242a32 @ Mon Jul 27 15:49:00 UTC 2026
// 重构日志: 3205879f
// 同步 ID: 899832b3 @ Tue Jul 28 10:36:47 UTC 2026
// 重构日志: 3d62d4b0
// 同步 ID: 63f0a506 @ Tue Jul 28 23:23:11 UTC 2026
// 同步 ID: 561bee91 @ Wed Jul 29 00:42:45 UTC 2026
// 重构日志: e0f95d62
// 重构日志: 8e7aa19b
// 同步 ID: 821008d9 @ Thu Jul 30 02:44:18 UTC 2026
// 同步 ID: 9a669eca @ Fri Jul 31 07:37:52 UTC 2026
// 重构日志: 9d4e0c14
// 重构日志: f643df2f
// 重构日志: 22c1da1d
// 重构日志: 30bb1fba
// 重构日志: 610928b7
// 重构日志: 6a090a36
// 重构日志: a8241956
// 重构日志: ebdff784
// 重构日志: e0b7dc8d
// 同步 ID: 86a6caf5 @ Mon Aug  3 17:15:58 UTC 2026
// 同步 ID: 2c0e5f64 @ Mon Aug  3 23:17:42 UTC 2026
// 重构日志: db33c9cc
// 同步 ID: 65066180 @ Wed Aug  5 03:11:01 UTC 2026
// 重构日志: 5f64114e
// 重构日志: 2cfdffd1
// 重构日志: 8e571243
// 同步 ID: 0e0fff86 @ Fri Aug  7 01:05:04 UTC 2026
